[K[K[K[K[K[K[K[K[K[K[K[K[K[K[K[K[K[K[K[K[K[Kgit init
Reinitialized existing Git repository in /Users/c.oldham/Website_mio289/.git/
]0;~/Website_mio289(base) Cs-MacBook-Air:Website_mio289 c.oldham$ git add .
]0;~/Website_mio289(base) Cs-MacBook-Air:Website_mio289 c.oldham$ git commit -m "first website commit"
[master 41cce91] first website commit
 Committer: C. Oldham <c.oldham@Cs-MacBook-Air.local>
Your name and email address were configured automatically based
on your username and hostname. Please check that they are accurate.
You can suppress this message by setting them explicitly. Run the
following command and follow the instructions in your editor to edit
your configuration file:

    git config --global --edit

After doing this, you may fix the identity used for this commit with:

    git commit --amend --reset-author

 1 file changed, 3 insertions(+), 7 deletions(-)
 rewrite .Rproj.user/11235771/console06/C33066F3 (81%)
]0;~/Website_mio289(base) Cs-MacBook-Air:Website_mio289 c.oldham$ git remote add origin https://github.com/mikaoldham/website.gt[Kit
fatal: remote origin already exists.
]0;~/Website_mio289(base) Cs-MacBook-Air:Website_mio289 c.oldham$ git push origin master
error: cannot run rpostback-askpass: No such file or directory
Username for 'https://github.com': mikaoldham
error: cannot run rpostback-askpass: No such file or directory
Password for 'https://mikaoldham@github.com': 
remote: Repository not found.
fatal: repository 'https://github.com/USERNAME/WEBSITE_REPOSITORY.git/' not found
]0;~/Website_mio289(base) Cs-MacBook-Air:Website_mio289 c.oldham$ git remote set-url origin https://github.com/taylorlwolf/SDSProject.git[K[K[K[K[K[K[K[K[K[K[K[K[K[K[K[K[K[K[K[K[K[K[K[K[K[Kmikaoldham/website.git
]0;~/Website_mio289(base) Cs-MacBook-Air:Website_mio289 c.oldham$ git --version
git version 2.20.1 (Apple Git-117)
]0;~/Website_mio289(base) Cs-MacBook-Air:Website_mio289 c.oldham$ git remote rm origin
]0;~/Website_mio289(base) Cs-MacBook-Air:Website_mio289 c.oldham$ git remote add origin https://github.com/USERNAME/REPOSITORY.git[K[K[K[K[K[K[K[K[K[K[K[K[K[K[K[K[K[K[K[K[K[K[KMIKAOLDHAM/WEBSITE.GTI[K[KIT
]0;~/Website_mio289(base) Cs-MacBook-Air:Website_mio289 c.oldham$ git push -u origin master
error: cannot run rpostback-askpass: No such file or directory
Username for 'https://github.com': MIKAOLDHAM          mikaoldham
error: cannot run rpostback-askpass: No such file or directory
Password for 'https://mikaoldham@github.com': 
remote: Repository not found.
fatal: repository 'https://github.com/MIKAOLDHAM/WEBSITE.GIT/' not found
]0;~/Website_mio289(base) Cs-MacBook-Air:Website_mio289 c.oldham$ cd ~/Desktop/Website[K[K[K[K[K[K[K[K[K[K[K[K[K[K[Kc.oldham/project3site
bash: cd: /Users/c.oldham/c.oldham/project3site: No such file or directory
]0;~/Website_mio289(base) Cs-MacBook-Air:Website_mio289 c.oldham$ cd ~/c.oldham/Website_mio289
bash: cd: /Users/c.oldham/c.oldham/Website_mio289: No such file or directory
]0;~/Website_mio289(base) Cs-MacBook-Air:Website_mio289 c.oldham$ cd ~/Desktop/Website_mio289c.oldham/Website_mio289[K[K[K[K[K[K[K[K[K[K[K[K[K[K[K[K[K[K[K[K[K[K[K[K[K[K[K[K[K[K[K[K[K[K[K[K[K[K[K[K[K[K[K[K[Kc.oldham/Website_mio289
bash: cd: /Users/c.oldham/c.oldham/Website_mio289: No such file or directory
]0;~/Website_mio289(base) Cs-MacBook-Air:Website_mio289 c.oldham$ git add .
]0;~/Website_mio289(base) Cs-MacBook-Air:Website_mio289 c.oldham$ 
]0;~/Website_mio289(base) Cs-MacBook-Air:Website_mio289 c.oldham$ git commit -m "any message, but you must have a message"
[master 956d154] any message, but you must have a message
 Committer: C. Oldham <c.oldham@Cs-MacBook-Air.local>
Your name and email address were configured automatically based
on your username and hostname. Please check that they are accurate.
You can suppress this message by setting them explicitly. Run the
following command and follow the instructions in your editor to edit
your configuration file:

    git config --global --edit

After doing this, you may fix the identity used for this commit with:

    git commit --amend --reset-author

 28 files changed, 39 insertions(+), 35 deletions(-)
 create mode 100644 public/resume_march2020.docx
 create mode 100644 static/resume_march2020.docx
]0;~/Website_mio289(base) Cs-MacBook-Air:Website_mio289 c.oldham$ 
]0;~/Website_mio289(base) Cs-MacBook-Air:Website_mio289 c.oldham$ git push origin master
Enumerating objects: 94, done.
Counting objects:   1% (1/94)   Counting objects:   2% (2/94)   Counting objects:   3% (3/94)   Counting objects:   4% (4/94)   Counting objects:   5% (5/94)   Counting objects:   6% (6/94)   Counting objects:   7% (7/94)   Counting objects:   8% (8/94)   Counting objects:   9% (9/94)   Counting objects:  10% (10/94)   Counting objects:  11% (11/94)   Counting objects:  12% (12/94)   Counting objects:  13% (13/94)   Counting objects:  14% (14/94)   Counting objects:  15% (15/94)   Counting objects:  17% (16/94)   Counting objects:  18% (17/94)   Counting objects:  19% (18/94)   Counting objects:  20% (19/94)   Counting objects:  21% (20/94)   Counting objects:  22% (21/94)   Counting objects:  23% (22/94)   Counting objects:  24% (23/94)   Counting objects:  25% (24/94)   Counting objects:  26% (25/94)   Counting objects:  27% (26/94)   Counting objects:  28% (27/94)   Counting objects:  29% (28/94)   Counting objects:  30% (29/94)   Counting objects:  31% (30/94)   Counting objects:  32% (31/94)   Counting objects:  34% (32/94)   Counting objects:  35% (33/94)   Counting objects:  36% (34/94)   Counting objects:  37% (35/94)   Counting objects:  38% (36/94)   Counting objects:  39% (37/94)   Counting objects:  40% (38/94)   Counting objects:  41% (39/94)   Counting objects:  42% (40/94)   Counting objects:  43% (41/94)   Counting objects:  44% (42/94)   Counting objects:  45% (43/94)   Counting objects:  46% (44/94)   Counting objects:  47% (45/94)   Counting objects:  48% (46/94)   Counting objects:  50% (47/94)   Counting objects:  51% (48/94)   Counting objects:  52% (49/94)   Counting objects:  53% (50/94)   Counting objects:  54% (51/94)   Counting objects:  55% (52/94)   Counting objects:  56% (53/94)   Counting objects:  57% (54/94)   Counting objects:  58% (55/94)   Counting objects:  59% (56/94)   Counting objects:  60% (57/94)   Counting objects:  61% (58/94)   Counting objects:  62% (59/94)   Counting objects:  63% (60/94)   Counting objects:  64% (61/94)   Counting objects:  65% (62/94)   Counting objects:  67% (63/94)   Counting objects:  68% (64/94)   Counting objects:  69% (65/94)   Counting objects:  70% (66/94)   Counting objects:  71% (67/94)   Counting objects:  72% (68/94)   Counting objects:  73% (69/94)   Counting objects:  74% (70/94)   Counting objects:  75% (71/94)   Counting objects:  76% (72/94)   Counting objects:  77% (73/94)   Counting objects:  78% (74/94)   Counting objects:  79% (75/94)   Counting objects:  80% (76/94)   Counting objects:  81% (77/94)   Counting objects:  82% (78/94)   Counting objects:  84% (79/94)   Counting objects:  85% (80/94)   Counting objects:  86% (81/94)   Counting objects:  87% (82/94)   Counting objects:  88% (83/94)   Counting objects:  89% (84/94)   Counting objects:  90% (85/94)   Counting objects:  91% (86/94)   Counting objects:  92% (87/94)   Counting objects:  93% (88/94)   Counting objects:  94% (89/94)   Counting objects:  95% (90/94)   Counting objects:  96% (91/94)   Counting objects:  97% (92/94)   Counting objects:  98% (93/94)   Counting objects: 100% (94/94)   Counting objects: 100% (94/94), done.
Delta compression using up to 4 threads
Compressing objects:   2% (1/45)   Compressing objects:   4% (2/45)   Compressing objects:   6% (3/45)   Compressing objects:   8% (4/45)   Compressing objects:  11% (5/45)   Compressing objects:  13% (6/45)   Compressing objects:  15% (7/45)   Compressing objects:  17% (8/45)   Compressing objects:  20% (9/45)   Compressing objects:  22% (10/45)   Compressing objects:  24% (11/45)   Compressing objects:  26% (12/45)   Compressing objects:  28% (13/45)   Compressing objects:  31% (14/45)   Compressing objects:  33% (15/45)   Compressing objects:  35% (16/45)   Compressing objects:  37% (17/45)   Compressing objects:  40% (18/45)   Compressing objects:  42% (19/45)   Compressing objects:  44% (20/45)   Compressing objects:  46% (21/45)   Compressing objects:  48% (22/45)   Compressing objects:  51% (23/45)   Compressing objects:  53% (24/45)   Compressing objects:  55% (25/45)   Compressing objects:  57% (26/45)   Compressing objects:  60% (27/45)   Compressing objects:  62% (28/45)   Compressing objects:  64% (29/45)   Compressing objects:  66% (30/45)   Compressing objects:  68% (31/45)   Compressing objects:  71% (32/45)   Compressing objects:  73% (33/45)   Compressing objects:  75% (34/45)   Compressing objects:  77% (35/45)   Compressing objects:  80% (36/45)   Compressing objects:  82% (37/45)   Compressing objects:  84% (38/45)   Compressing objects:  86% (39/45)   Compressing objects:  88% (40/45)   Compressing objects:  91% (41/45)   Compressing objects:  93% (42/45)   Compressing objects:  95% (43/45)   Compressing objects:  97% (44/45)   Compressing objects: 100% (45/45)   Compressing objects: 100% (45/45), done.
Writing objects:   2% (1/50)   Writing objects:   4% (2/50)   Writing objects:   6% (3/50)   Writing objects:   8% (4/50)   Writing objects:  10% (5/50)   Writing objects:  12% (6/50)   Writing objects:  14% (7/50)   Writing objects:  16% (8/50)   Writing objects:  18% (9/50)   Writing objects:  20% (10/50)   Writing objects:  22% (11/50)   Writing objects:  24% (12/50)   Writing objects:  26% (13/50)   Writing objects:  28% (14/50)   Writing objects:  30% (15/50)   Writing objects:  32% (16/50)   Writing objects:  34% (17/50)   Writing objects:  36% (18/50)   Writing objects:  38% (19/50)   Writing objects:  40% (20/50)   Writing objects:  42% (21/50)   Writing objects:  44% (22/50)   Writing objects:  46% (23/50)   Writing objects:  48% (24/50)   Writing objects:  50% (25/50)   Writing objects:  52% (26/50)   Writing objects:  54% (27/50)   Writing objects:  56% (28/50)   Writing objects:  60% (30/50)   Writing objects:  62% (31/50)   Writing objects:  64% (32/50)   Writing objects:  66% (33/50)   Writing objects:  68% (34/50)   Writing objects:  70% (35/50)   Writing objects:  72% (36/50)   Writing objects:  76% (38/50)   Writing objects:  78% (39/50)   Writing objects:  80% (40/50)   Writing objects:  82% (41/50)   Writing objects:  84% (42/50)   Writing objects:  86% (43/50)   Writing objects:  88% (44/50)   Writing objects:  90% (45/50)   Writing objects:  92% (46/50)   Writing objects:  94% (47/50)   Writing objects:  96% (48/50)   Writing objects:  98% (49/50)   Writing objects: 100% (50/50)   Writing objects: 100% (50/50), 44.18 KiB | 793.00 KiB/s, done.
Total 50 (delta 30), reused 0 (delta 0)
remote: Resolving deltas:   0% (0/30)[Kremote: Resolving deltas:   3% (1/30)[Kremote: Resolving deltas:   6% (2/30)[Kremote: Resolving deltas:  10% (3/30)[Kremote: Resolving deltas:  13% (4/30)[Kremote: Resolving deltas:  16% (5/30)[Kremote: Resolving deltas:  20% (6/30)[Kremote: Resolving deltas:  23% (7/30)[Kremote: Resolving deltas:  26% (8/30)[Kremote: Resolving deltas:  30% (9/30)[Kremote: Resolving deltas:  33% (10/30)[Kremote: Resolving deltas:  36% (11/30)[Kremote: Resolving deltas:  40% (12/30)[Kremote: Resolving deltas:  43% (13/30)[Kremote: Resolving deltas:  46% (14/30)[Kremote: Resolving deltas:  50% (15/30)[Kremote: Resolving deltas:  53% (16/30)[Kremote: Resolving deltas:  60% (18/30)[Kremote: Resolving deltas:  63% (19/30)[Kremote: Resolving deltas:  70% (21/30)[Kremote: Resolving deltas:  73% (22/30)[Kremote: Resolving deltas:  76% (23/30)[Kremote: Resolving deltas:  86% (26/30)[Kremote: Resolving deltas:  90% (27/30)[Kremote: Resolving deltas:  93% (28/30)[Kremote: Resolving deltas:  96% (29/30)[Kremote: Resolving deltas: 100% (30/30)[Kremote: Resolving deltas: 100% (30/30), completed with 26 local objects.[K
To https://github.com/mikaoldham/project3site.git
   500e16b..956d154  master -> master
]0;~/Website_mio289(base) Cs-MacBook-Air:Website_mio289 c.oldham$ git add .