[K[K[K[K[K[K[K[K[K[K[K[K[K[K[K[K[K[K[K[K[K[Kgit init
Reinitialized existing Git repository in /Users/c.oldham/Website_mio289/.git/
]0;~/Website_mio289(base) Cs-MacBook-Air:Website_mio289 c.oldham$ git add .
]0;~/Website_mio289(base) Cs-MacBook-Air:Website_mio289 c.oldham$ git commit -m "first website commit"
[master 41cce91] first website commit
 Committer: C. Oldham <c.oldham@Cs-MacBook-Air.local>
Your name and email address were configured automatically based
on your username and hostname. Please check that they are accurate.
You can suppress this message by setting them explicitly. Run the
following command and follow the instructions in your editor to edit
your configuration file:

    git config --global --edit

After doing this, you may fix the identity used for this commit with:

    git commit --amend --reset-author

 1 file changed, 3 insertions(+), 7 deletions(-)
 rewrite .Rproj.user/11235771/console06/C33066F3 (81%)
]0;~/Website_mio289(base) Cs-MacBook-Air:Website_mio289 c.oldham$ git remote add origin https://github.com/mikaoldham/website.gt[Kit
fatal: remote origin already exists.
]0;~/Website_mio289(base) Cs-MacBook-Air:Website_mio289 c.oldham$ git push origin master
error: cannot run rpostback-askpass: No such file or directory
Username for 'https://github.com': mikaoldham
error: cannot run rpostback-askpass: No such file or directory
Password for 'https://mikaoldham@github.com': 
remote: Repository not found.
fatal: repository 'https://github.com/USERNAME/WEBSITE_REPOSITORY.git/' not found
]0;~/Website_mio289(base) Cs-MacBook-Air:Website_mio289 c.oldham$ git remote set-url origin https://github.com/taylorlwolf/SDSProject.git[K[K[K[K[K[K[K[K[K[K[K[K[K[K[K[K[K[K[K[K[K[K[K[K[K[Kmikaoldham/website.git
]0;~/Website_mio289(base) Cs-MacBook-Air:Website_mio289 c.oldham$ git --version
git version 2.20.1 (Apple Git-117)
]0;~/Website_mio289(base) Cs-MacBook-Air:Website_mio289 c.oldham$ git remote rm origin
]0;~/Website_mio289(base) Cs-MacBook-Air:Website_mio289 c.oldham$ git remote add origin https://github.com/USERNAME/REPOSITORY.git[K[K[K[K[K[K[K[K[K[K[K[K[K[K[K[K[K[K[K[K[K[K[KMIKAOLDHAM/WEBSITE.GTI[K[KIT
]0;~/Website_mio289(base) Cs-MacBook-Air:Website_mio289 c.oldham$ git push -u origin master
error: cannot run rpostback-askpass: No such file or directory
Username for 'https://github.com': MIKAOLDHAM          mikaoldham
error: cannot run rpostback-askpass: No such file or directory
Password for 'https://mikaoldham@github.com': 
remote: Repository not found.
fatal: repository 'https://github.com/MIKAOLDHAM/WEBSITE.GIT/' not found
]0;~/Website_mio289(base) Cs-MacBook-Air:Website_mio289 c.oldham$ cd ~/Desktop/Website[K[K[K[K[K[K[K[K[K[K[K[K[K[K[Kc.oldham/project3site
bash: cd: /Users/c.oldham/c.oldham/project3site: No such file or directory
]0;~/Website_mio289(base) Cs-MacBook-Air:Website_mio289 c.oldham$ cd ~/c.oldham/Website_mio289
bash: cd: /Users/c.oldham/c.oldham/Website_mio289: No such file or directory
]0;~/Website_mio289(base) Cs-MacBook-Air:Website_mio289 c.oldham$ cd ~/Desktop/Website_mio289c.oldham/Website_mio289[K[K[K[K[K[K[K[K[K[K[K[K[K[K[K[K[K[K[K[K[K[K[K[K[K[K[K[K[K[K[K[K[K[K[K[K[K[K[K[K[K[K[K[K[Kc.oldham/Website_mio289
bash: cd: /Users/c.oldham/c.oldham/Website_mio289: No such file or directory
]0;~/Website_mio289(base) Cs-MacBook-Air:Website_mio289 c.oldham$ git add .
]0;~/Website_mio289(base) Cs-MacBook-Air:Website_mio289 c.oldham$ 
]0;~/Website_mio289(base) Cs-MacBook-Air:Website_mio289 c.oldham$ git commit -m "any message, but you must have a message"
[master 956d154] any message, but you must have a message
 Committer: C. Oldham <c.oldham@Cs-MacBook-Air.local>
Your name and email address were configured automatically based
on your username and hostname. Please check that they are accurate.
You can suppress this message by setting them explicitly. Run the
following command and follow the instructions in your editor to edit
your configuration file:

    git config --global --edit

After doing this, you may fix the identity used for this commit with:

    git commit --amend --reset-author

 28 files changed, 39 insertions(+), 35 deletions(-)
 create mode 100644 public/resume_march2020.docx
 create mode 100644 static/resume_march2020.docx
]0;~/Website_mio289(base) Cs-MacBook-Air:Website_mio289 c.oldham$ 
]0;~/Website_mio289(base) Cs-MacBook-Air:Website_mio289 c.oldham$ git push origin master
Enumerating objects: 94, done.
Counting objects:   1% (1/94)   Counting objects:   2% (2/94)   Counting objects:   3% (3/94)   Counting objects:   4% (4/94)   Counting objects:   5% (5/94)   Counting objects:   6% (6/94)   Counting objects:   7% (7/94)   Counting objects:   8% (8/94)   Counting objects:   9% (9/94)   Counting objects:  10% (10/94)   Counting objects:  11% (11/94)   Counting objects:  12% (12/94)   Counting objects:  13% (13/94)   Counting objects:  14% (14/94)   Counting objects:  15% (15/94)   Counting objects:  17% (16/94)   Counting objects:  18% (17/94)   Counting objects:  19% (18/94)   Counting objects:  20% (19/94)   Counting objects:  21% (20/94)   Counting objects:  22% (21/94)   Counting objects:  23% (22/94)   Counting objects:  24% (23/94)   Counting objects:  25% (24/94)   Counting objects:  26% (25/94)   Counting objects:  27% (26/94)   Counting objects:  28% (27/94)   Counting objects:  29% (28/94)   Counting objects:  30% (29/94)   Counting objects:  31% (30/94)   Counting objects:  32% (31/94)   Counting objects:  34% (32/94)   Counting objects:  35% (33/94)   Counting objects:  36% (34/94)   Counting objects:  37% (35/94)   Counting objects:  38% (36/94)   Counting objects:  39% (37/94)   Counting objects:  40% (38/94)   Counting objects:  41% (39/94)   Counting objects:  42% (40/94)   Counting objects:  43% (41/94)   Counting objects:  44% (42/94)   Counting objects:  45% (43/94)   Counting objects:  46% (44/94)   Counting objects:  47% (45/94)   Counting objects:  48% (46/94)   Counting objects:  50% (47/94)   Counting objects:  51% (48/94)   Counting objects:  52% (49/94)   Counting objects:  53% (50/94)   Counting objects:  54% (51/94)   Counting objects:  55% (52/94)   Counting objects:  56% (53/94)   Counting objects:  57% (54/94)   Counting objects:  58% (55/94)   Counting objects:  59% (56/94)   Counting objects:  60% (57/94)   Counting objects:  61% (58/94)   Counting objects:  62% (59/94)   Counting objects:  63% (60/94)   Counting objects:  64% (61/94)   Counting objects:  65% (62/94)   Counting objects:  67% (63/94)   Counting objects:  68% (64/94)   Counting objects:  69% (65/94)   Counting objects:  70% (66/94)   Counting objects:  71% (67/94)   Counting objects:  72% (68/94)   Counting objects:  73% (69/94)   Counting objects:  74% (70/94)   Counting objects:  75% (71/94)   Counting objects:  76% (72/94)   Counting objects:  77% (73/94)   Counting objects:  78% (74/94)   Counting objects:  79% (75/94)   Counting objects:  80% (76/94)   Counting objects:  81% (77/94)   Counting objects:  82% (78/94)   Counting objects:  84% (79/94)   Counting objects:  85% (80/94)   Counting objects:  86% (81/94)   Counting objects:  87% (82/94)   Counting objects:  88% (83/94)   Counting objects:  89% (84/94)   Counting objects:  90% (85/94)   Counting objects:  91% (86/94)   Counting objects:  92% (87/94)   Counting objects:  93% (88/94)   Counting objects:  94% (89/94)   Counting objects:  95% (90/94)   Counting objects:  96% (91/94)   Counting objects:  97% (92/94)   Counting objects:  98% (93/94)   Counting objects: 100% (94/94)   Counting objects: 100% (94/94), done.
Delta compression using up to 4 threads
Compressing objects:   2% (1/45)   Compressing objects:   4% (2/45)   Compressing objects:   6% (3/45)   Compressing objects:   8% (4/45)   Compressing objects:  11% (5/45)   Compressing objects:  13% (6/45)   Compressing objects:  15% (7/45)   Compressing objects:  17% (8/45)   Compressing objects:  20% (9/45)   Compressing objects:  22% (10/45)   Compressing objects:  24% (11/45)   Compressing objects:  26% (12/45)   Compressing objects:  28% (13/45)   Compressing objects:  31% (14/45)   Compressing objects:  33% (15/45)   Compressing objects:  35% (16/45)   Compressing objects:  37% (17/45)   Compressing objects:  40% (18/45)   Compressing objects:  42% (19/45)   Compressing objects:  44% (20/45)   Compressing objects:  46% (21/45)   Compressing objects:  48% (22/45)   Compressing objects:  51% (23/45)   Compressing objects:  53% (24/45)   Compressing objects:  55% (25/45)   Compressing objects:  57% (26/45)   Compressing objects:  60% (27/45)   Compressing objects:  62% (28/45)   Compressing objects:  64% (29/45)   Compressing objects:  66% (30/45)   Compressing objects:  68% (31/45)   Compressing objects:  71% (32/45)   Compressing objects:  73% (33/45)   Compressing objects:  75% (34/45)   Compressing objects:  77% (35/45)   Compressing objects:  80% (36/45)   Compressing objects:  82% (37/45)   Compressing objects:  84% (38/45)   Compressing objects:  86% (39/45)   Compressing objects:  88% (40/45)   Compressing objects:  91% (41/45)   Compressing objects:  93% (42/45)   Compressing objects:  95% (43/45)   Compressing objects:  97% (44/45)   Compressing objects: 100% (45/45)   Compressing objects: 100% (45/45), done.
Writing objects:   2% (1/50)   Writing objects:   4% (2/50)   Writing objects:   6% (3/50)   Writing objects:   8% (4/50)   Writing objects:  10% (5/50)   Writing objects:  12% (6/50)   Writing objects:  14% (7/50)   Writing objects:  16% (8/50)   Writing objects:  18% (9/50)   Writing objects:  20% (10/50)   Writing objects:  22% (11/50)   Writing objects:  24% (12/50)   Writing objects:  26% (13/50)   Writing objects:  28% (14/50)   Writing objects:  30% (15/50)   Writing objects:  32% (16/50)   Writing objects:  34% (17/50)   Writing objects:  36% (18/50)   Writing objects:  38% (19/50)   Writing objects:  40% (20/50)   Writing objects:  42% (21/50)   Writing objects:  44% (22/50)   Writing objects:  46% (23/50)   Writing objects:  48% (24/50)   Writing objects:  50% (25/50)   Writing objects:  52% (26/50)   Writing objects:  54% (27/50)   Writing objects:  56% (28/50)   Writing objects:  60% (30/50)   Writing objects:  62% (31/50)   Writing objects:  64% (32/50)   Writing objects:  66% (33/50)   Writing objects:  68% (34/50)   Writing objects:  70% (35/50)   Writing objects:  72% (36/50)   Writing objects:  76% (38/50)   Writing objects:  78% (39/50)   Writing objects:  80% (40/50)   Writing objects:  82% (41/50)   Writing objects:  84% (42/50)   Writing objects:  86% (43/50)   Writing objects:  88% (44/50)   Writing objects:  90% (45/50)   Writing objects:  92% (46/50)   Writing objects:  94% (47/50)   Writing objects:  96% (48/50)   Writing objects:  98% (49/50)   Writing objects: 100% (50/50)   Writing objects: 100% (50/50), 44.18 KiB | 793.00 KiB/s, done.
Total 50 (delta 30), reused 0 (delta 0)
remote: Resolving deltas:   0% (0/30)[Kremote: Resolving deltas:   3% (1/30)[Kremote: Resolving deltas:   6% (2/30)[Kremote: Resolving deltas:  10% (3/30)[Kremote: Resolving deltas:  13% (4/30)[Kremote: Resolving deltas:  16% (5/30)[Kremote: Resolving deltas:  20% (6/30)[Kremote: Resolving deltas:  23% (7/30)[Kremote: Resolving deltas:  26% (8/30)[Kremote: Resolving deltas:  30% (9/30)[Kremote: Resolving deltas:  33% (10/30)[Kremote: Resolving deltas:  36% (11/30)[Kremote: Resolving deltas:  40% (12/30)[Kremote: Resolving deltas:  43% (13/30)[Kremote: Resolving deltas:  46% (14/30)[Kremote: Resolving deltas:  50% (15/30)[Kremote: Resolving deltas:  53% (16/30)[Kremote: Resolving deltas:  60% (18/30)[Kremote: Resolving deltas:  63% (19/30)[Kremote: Resolving deltas:  70% (21/30)[Kremote: Resolving deltas:  73% (22/30)[Kremote: Resolving deltas:  76% (23/30)[Kremote: Resolving deltas:  86% (26/30)[Kremote: Resolving deltas:  90% (27/30)[Kremote: Resolving deltas:  93% (28/30)[Kremote: Resolving deltas:  96% (29/30)[Kremote: Resolving deltas: 100% (30/30)[Kremote: Resolving deltas: 100% (30/30), completed with 26 local objects.[K
To https://github.com/mikaoldham/project3site.git
   500e16b..956d154  master -> master
]0;~/Website_mio289(base) Cs-MacBook-Air:Website_mio289 c.oldham$ git add .
]0;~/Website_mio289(base) Cs-MacBook-Air:Website_mio289 c.oldham$ git commit -m "any message, but you must have a message"
[master 33efaf9] any message, but you must have a message
 Committer: C. Oldham <c.oldham@Cs-MacBook-Air.local>
Your name and email address were configured automatically based
on your username and hostname. Please check that they are accurate.
You can suppress this message by setting them explicitly. Run the
following command and follow the instructions in your editor to edit
your configuration file:

    git config --global --edit

After doing this, you may fix the identity used for this commit with:

    git commit --amend --reset-author

 1 file changed, 31 insertions(+)
]0;~/Website_mio289(base) Cs-MacBook-Air:Website_mio289 c.oldham$ git push origin master
Enumerating objects: 11, done.
Counting objects:   9% (1/11)   Counting objects:  18% (2/11)   Counting objects:  27% (3/11)   Counting objects:  36% (4/11)   Counting objects:  45% (5/11)   Counting objects:  54% (6/11)   Counting objects:  63% (7/11)   Counting objects:  72% (8/11)   Counting objects:  81% (9/11)   Counting objects:  90% (10/11)   Counting objects: 100% (11/11)   Counting objects: 100% (11/11), done.
Delta compression using up to 4 threads
Compressing objects:  16% (1/6)   Compressing objects:  33% (2/6)   Compressing objects:  50% (3/6)   Compressing objects:  66% (4/6)   Compressing objects:  83% (5/6)   Compressing objects: 100% (6/6)   Compressing objects: 100% (6/6), done.
Writing objects:  16% (1/6)   Writing objects:  33% (2/6)   Writing objects:  50% (3/6)   Writing objects:  66% (4/6)   Writing objects:  83% (5/6)   Writing objects: 100% (6/6)   Writing objects: 100% (6/6), 2.82 KiB | 2.82 MiB/s, done.
Total 6 (delta 2), reused 0 (delta 0)
remote: Resolving deltas:   0% (0/2)[Kremote: Resolving deltas:  50% (1/2)[Kremote: Resolving deltas: 100% (2/2)[Kremote: Resolving deltas: 100% (2/2), completed with 2 local objects.[K
To https://github.com/mikaoldham/project3site.git
   956d154..33efaf9  master -> master
]0;~/Website_mio289(base) Cs-MacBook-Air:Website_mio289 c.oldham$ git add .
]0;~/Website_mio289(base) Cs-MacBook-Air:Website_mio289 c.oldham$ 
]0;~/Website_mio289(base) Cs-MacBook-Air:Website_mio289 c.oldham$ git commit -m "any message, but you must have a message"
[master cbe8370] any message, but you must have a message
 Committer: C. Oldham <c.oldham@Cs-MacBook-Air.local>
Your name and email address were configured automatically based
on your username and hostname. Please check that they are accurate.
You can suppress this message by setting them explicitly. Run the
following command and follow the instructions in your editor to edit
your configuration file:

    git config --global --edit

After doing this, you may fix the identity used for this commit with:

    git commit --amend --reset-author

 9 files changed, 50 insertions(+), 21 deletions(-)
]0;~/Website_mio289(base) Cs-MacBook-Air:Website_mio289 c.oldham$ 
]0;~/Website_mio289(base) Cs-MacBook-Air:Website_mio289 c.oldham$ git push origin master
Enumerating objects: 33, done.
Counting objects:   3% (1/33)   Counting objects:   6% (2/33)   Counting objects:   9% (3/33)   Counting objects:  12% (4/33)   Counting objects:  15% (5/33)   Counting objects:  18% (6/33)   Counting objects:  21% (7/33)   Counting objects:  24% (8/33)   Counting objects:  27% (9/33)   Counting objects:  30% (10/33)   Counting objects:  33% (11/33)   Counting objects:  36% (12/33)   Counting objects:  39% (13/33)   Counting objects:  42% (14/33)   Counting objects:  45% (15/33)   Counting objects:  48% (16/33)   Counting objects:  51% (17/33)   Counting objects:  54% (18/33)   Counting objects:  57% (19/33)   Counting objects:  60% (20/33)   Counting objects:  63% (21/33)   Counting objects:  66% (22/33)   Counting objects:  69% (23/33)   Counting objects:  72% (24/33)   Counting objects:  75% (25/33)   Counting objects:  78% (26/33)   Counting objects:  81% (27/33)   Counting objects:  84% (28/33)   Counting objects:  87% (29/33)   Counting objects:  90% (30/33)   Counting objects:  93% (31/33)   Counting objects:  96% (32/33)   Counting objects: 100% (33/33)   Counting objects: 100% (33/33), done.
Delta compression using up to 4 threads
Compressing objects:   5% (1/17)   Compressing objects:  11% (2/17)   Compressing objects:  17% (3/17)   Compressing objects:  23% (4/17)   Compressing objects:  29% (5/17)   Compressing objects:  35% (6/17)   Compressing objects:  41% (7/17)   Compressing objects:  47% (8/17)   Compressing objects:  52% (9/17)   Compressing objects:  58% (10/17)   Compressing objects:  64% (11/17)   Compressing objects:  70% (12/17)   Compressing objects:  76% (13/17)   Compressing objects:  82% (14/17)   Compressing objects:  88% (15/17)   Compressing objects:  94% (16/17)   Compressing objects: 100% (17/17)   Compressing objects: 100% (17/17), done.
Writing objects:   5% (1/17)   Writing objects:  11% (2/17)   Writing objects:  17% (3/17)   Writing objects:  23% (4/17)   Writing objects:  29% (5/17)   Writing objects:  35% (6/17)   Writing objects:  41% (7/17)   Writing objects:  47% (8/17)   Writing objects:  52% (9/17)   Writing objects:  58% (10/17)   Writing objects:  64% (11/17)   Writing objects:  70% (12/17)   Writing objects:  76% (13/17)   Writing objects:  82% (14/17)   Writing objects:  88% (15/17)   Writing objects:  94% (16/17)   Writing objects: 100% (17/17)   Writing objects: 100% (17/17), 1.80 KiB | 615.00 KiB/s, done.
Total 17 (delta 11), reused 0 (delta 0)
remote: Resolving deltas:   0% (0/11)[Kremote: Resolving deltas:   9% (1/11)[Kremote: Resolving deltas:  18% (2/11)[Kremote: Resolving deltas:  27% (3/11)[Kremote: Resolving deltas:  36% (4/11)[Kremote: Resolving deltas:  45% (5/11)[Kremote: Resolving deltas:  54% (6/11)[Kremote: Resolving deltas:  63% (7/11)[Kremote: Resolving deltas:  72% (8/11)[Kremote: Resolving deltas:  81% (9/11)[Kremote: Resolving deltas:  90% (10/11)[Kremote: Resolving deltas: 100% (11/11)[Kremote: Resolving deltas: 100% (11/11), completed with 11 local objects.[K
To https://github.com/mikaoldham/project3site.git
   33efaf9..cbe8370  master -> master
]0;~/Website_mio289(base) Cs-MacBook-Air:Website_mio289 c.oldham$ git add .
]0;~/Website_mio289(base) Cs-MacBook-Air:Website_mio289 c.oldham$ 
]0;~/Website_mio289(base) Cs-MacBook-Air:Website_mio289 c.oldham$ git commit -m "any message, but you must have a message"
[master 44dbc6f] any message, but you must have a message
 Committer: C. Oldham <c.oldham@Cs-MacBook-Air.local>
Your name and email address were configured automatically based
on your username and hostname. Please check that they are accurate.
You can suppress this message by setting them explicitly. Run the
following command and follow the instructions in your editor to edit
your configuration file:

    git config --global --edit

After doing this, you may fix the identity used for this commit with:

    git commit --amend --reset-author

 6 files changed, 37 insertions(+), 8 deletions(-)
]0;~/Website_mio289(base) Cs-MacBook-Air:Website_mio289 c.oldham$ 
]0;~/Website_mio289(base) Cs-MacBook-Air:Website_mio289 c.oldham$ 
]0;~/Website_mio289(base) Cs-MacBook-Air:Website_mio289 c.oldham$ git push origin master
Enumerating objects: 27, done.
Counting objects:   3% (1/27)   Counting objects:   7% (2/27)   Counting objects:  11% (3/27)   Counting objects:  14% (4/27)   Counting objects:  18% (5/27)   Counting objects:  22% (6/27)   Counting objects:  25% (7/27)   Counting objects:  29% (8/27)   Counting objects:  33% (9/27)   Counting objects:  37% (10/27)   Counting objects:  40% (11/27)   Counting objects:  44% (12/27)   Counting objects:  48% (13/27)   Counting objects:  51% (14/27)   Counting objects:  55% (15/27)   Counting objects:  59% (16/27)   Counting objects:  62% (17/27)   Counting objects:  66% (18/27)   Counting objects:  70% (19/27)   Counting objects:  74% (20/27)   Counting objects:  77% (21/27)   Counting objects:  81% (22/27)   Counting objects:  85% (23/27)   Counting objects:  88% (24/27)   Counting objects:  92% (25/27)   Counting objects:  96% (26/27)   Counting objects: 100% (27/27)   Counting objects: 100% (27/27), done.
Delta compression using up to 4 threads
Compressing objects:   7% (1/14)   Compressing objects:  14% (2/14)   Compressing objects:  21% (3/14)   Compressing objects:  28% (4/14)   Compressing objects:  35% (5/14)   Compressing objects:  42% (6/14)   Compressing objects:  50% (7/14)   Compressing objects:  57% (8/14)   Compressing objects:  64% (9/14)   Compressing objects:  71% (10/14)   Compressing objects:  78% (11/14)   Compressing objects:  85% (12/14)   Compressing objects:  92% (13/14)   Compressing objects: 100% (14/14)   Compressing objects: 100% (14/14), done.
Writing objects:   7% (1/14)   Writing objects:  14% (2/14)   Writing objects:  21% (3/14)   Writing objects:  28% (4/14)   Writing objects:  35% (5/14)   Writing objects:  42% (6/14)   Writing objects:  50% (7/14)   Writing objects:  57% (8/14)   Writing objects:  64% (9/14)   Writing objects:  71% (10/14)   Writing objects:  78% (11/14)   Writing objects:  85% (12/14)   Writing objects:  92% (13/14)   Writing objects: 100% (14/14)   Writing objects: 100% (14/14), 1.75 KiB | 895.00 KiB/s, done.
Total 14 (delta 9), reused 0 (delta 0)
remote: Resolving deltas:   0% (0/9)[Kremote: Resolving deltas:  11% (1/9)[Kremote: Resolving deltas:  22% (2/9)[Kremote: Resolving deltas:  33% (3/9)[Kremote: Resolving deltas:  44% (4/9)[Kremote: Resolving deltas:  55% (5/9)[Kremote: Resolving deltas:  66% (6/9)[Kremote: Resolving deltas:  77% (7/9)[Kremote: Resolving deltas:  88% (8/9)[Kremote: Resolving deltas: 100% (9/9)[Kremote: Resolving deltas: 100% (9/9), completed with 9 local objects.[K
To https://github.com/mikaoldham/project3site.git
   cbe8370..44dbc6f  master -> master
]0;~/Website_mio289(base) Cs-MacBook-Air:Website_mio289 c.oldham$ git add .
]0;~/Website_mio289(base) Cs-MacBook-Air:Website_mio289 c.oldham$ 
]0;~/Website_mio289(base) Cs-MacBook-Air:Website_mio289 c.oldham$ git commit -m "any message, but you must have a message"
[master 43c20d0] any message, but you must have a message
 Committer: C. Oldham <c.oldham@Cs-MacBook-Air.local>
Your name and email address were configured automatically based
on your username and hostname. Please check that they are accurate.
You can suppress this message by setting them explicitly. Run the
following command and follow the instructions in your editor to edit
your configuration file:

    git config --global --edit

After doing this, you may fix the identity used for this commit with:

    git commit --amend --reset-author

 8 files changed, 40 insertions(+), 10 deletions(-)
]0;~/Website_mio289(base) Cs-MacBook-Air:Website_mio289 c.oldham$ 
]0;~/Website_mio289(base) Cs-MacBook-Air:Website_mio289 c.oldham$ git push origin master
Enumerating objects: 31, done.
Counting objects:   3% (1/31)   Counting objects:   6% (2/31)   Counting objects:   9% (3/31)   Counting objects:  12% (4/31)   Counting objects:  16% (5/31)   Counting objects:  19% (6/31)   Counting objects:  22% (7/31)   Counting objects:  25% (8/31)   Counting objects:  29% (9/31)   Counting objects:  32% (10/31)   Counting objects:  35% (11/31)   Counting objects:  38% (12/31)   Counting objects:  41% (13/31)   Counting objects:  45% (14/31)   Counting objects:  48% (15/31)   Counting objects:  51% (16/31)   Counting objects:  54% (17/31)   Counting objects:  58% (18/31)   Counting objects:  61% (19/31)   Counting objects:  64% (20/31)   Counting objects:  67% (21/31)   Counting objects:  70% (22/31)   Counting objects:  74% (23/31)   Counting objects:  77% (24/31)   Counting objects:  80% (25/31)   Counting objects:  83% (26/31)   Counting objects:  87% (27/31)   Counting objects:  90% (28/31)   Counting objects:  93% (29/31)   Counting objects:  96% (30/31)   Counting objects: 100% (31/31)   Counting objects: 100% (31/31), done.
Delta compression using up to 4 threads
Compressing objects:   6% (1/16)   Compressing objects:  12% (2/16)   Compressing objects:  18% (3/16)   Compressing objects:  25% (4/16)   Compressing objects:  31% (5/16)   Compressing objects:  37% (6/16)   Compressing objects:  43% (7/16)   Compressing objects:  50% (8/16)   Compressing objects:  56% (9/16)   Compressing objects:  62% (10/16)   Compressing objects:  68% (11/16)   Compressing objects:  75% (12/16)   Compressing objects:  81% (13/16)   Compressing objects:  87% (14/16)   Compressing objects:  93% (15/16)   Compressing objects: 100% (16/16)   Compressing objects: 100% (16/16), done.
Writing objects:   6% (1/16)   Writing objects:  12% (2/16)   Writing objects:  18% (3/16)   Writing objects:  25% (4/16)   Writing objects:  31% (5/16)   Writing objects:  37% (6/16)   Writing objects:  43% (7/16)   Writing objects:  50% (8/16)   Writing objects:  56% (9/16)   Writing objects:  62% (10/16)   Writing objects:  68% (11/16)   Writing objects:  75% (12/16)   Writing objects:  81% (13/16)   Writing objects:  87% (14/16)   Writing objects:  93% (15/16)   Writing objects: 100% (16/16)   Writing objects: 100% (16/16), 1.86 KiB | 37.00 KiB/s, done.
Total 16 (delta 10), reused 0 (delta 0)
remote: Resolving deltas:   0% (0/10)[Kremote: Resolving deltas:  10% (1/10)[Kremote: Resolving deltas:  20% (2/10)[Kremote: Resolving deltas:  30% (3/10)[Kremote: Resolving deltas:  40% (4/10)[Kremote: Resolving deltas:  50% (5/10)[Kremote: Resolving deltas:  60% (6/10)[Kremote: Resolving deltas:  70% (7/10)[Kremote: Resolving deltas:  80% (8/10)[Kremote: Resolving deltas:  90% (9/10)[Kremote: Resolving deltas: 100% (10/10)[Kremote: Resolving deltas: 100% (10/10), completed with 10 local objects.[K
To https://github.com/mikaoldham/project3site.git
   44dbc6f..43c20d0  master -> master
]0;~/Website_mio289(base) Cs-MacBook-Air:Website_mio289 c.oldham$ [K(base) Cs-MacBook-Air:Website_mio289 c.oldham$ git add .
]0;~/Website_mio289(base) Cs-MacBook-Air:Website_mio289 c.oldham$ 
]0;~/Website_mio289(base) Cs-MacBook-Air:Website_mio289 c.oldham$ git commit -m "any message, but you must have a message"
[master 77e807d] any message, but you must have a message
 Committer: C. Oldham <c.oldham@Cs-MacBook-Air.local>
Your name and email address were configured automatically based
on your username and hostname. Please check that they are accurate.
You can suppress this message by setting them explicitly. Run the
following command and follow the instructions in your editor to edit
your configuration file:

    git config --global --edit

After doing this, you may fix the identity used for this commit with:

    git commit --amend --reset-author

 7 files changed, 41 insertions(+), 10 deletions(-)
]0;~/Website_mio289(base) Cs-MacBook-Air:Website_mio289 c.oldham$ 
]0;~/Website_mio289(base) Cs-MacBook-Air:Website_mio289 c.oldham$ git push origin master
Enumerating objects: 29, done.
Counting objects:   3% (1/29)   Counting objects:   6% (2/29)   Counting objects:  10% (3/29)   Counting objects:  13% (4/29)   Counting objects:  17% (5/29)   Counting objects:  20% (6/29)   Counting objects:  24% (7/29)   Counting objects:  27% (8/29)   Counting objects:  31% (9/29)   Counting objects:  34% (10/29)   Counting objects:  37% (11/29)   Counting objects:  41% (12/29)   Counting objects:  44% (13/29)   Counting objects:  48% (14/29)   Counting objects:  51% (15/29)   Counting objects:  55% (16/29)   Counting objects:  58% (17/29)   Counting objects:  62% (18/29)   Counting objects:  65% (19/29)   Counting objects:  68% (20/29)   Counting objects:  72% (21/29)   Counting objects:  75% (22/29)   Counting objects:  79% (23/29)   Counting objects:  82% (24/29)   Counting objects:  86% (25/29)   Counting objects:  89% (26/29)   Counting objects:  93% (27/29)   Counting objects:  96% (28/29)   Counting objects: 100% (29/29)   Counting objects: 100% (29/29), done.
Delta compression using up to 4 threads
Compressing objects:   6% (1/15)   Compressing objects:  13% (2/15)   Compressing objects:  20% (3/15)   Compressing objects:  26% (4/15)   Compressing objects:  33% (5/15)   Compressing objects:  40% (6/15)   Compressing objects:  46% (7/15)   Compressing objects:  53% (8/15)   Compressing objects:  60% (9/15)   Compressing objects:  66% (10/15)   Compressing objects:  73% (11/15)   Compressing objects:  80% (12/15)   Compressing objects:  86% (13/15)   Compressing objects:  93% (14/15)   Compressing objects: 100% (15/15)   Compressing objects: 100% (15/15), done.
Writing objects:   6% (1/15)   Writing objects:  13% (2/15)   Writing objects:  20% (3/15)   Writing objects:  26% (4/15)   Writing objects:  33% (5/15)   Writing objects:  40% (6/15)   Writing objects:  46% (7/15)   Writing objects:  53% (8/15)   Writing objects:  60% (9/15)   Writing objects:  66% (10/15)   Writing objects:  73% (11/15)   Writing objects:  80% (12/15)   Writing objects:  86% (13/15)   Writing objects:  93% (14/15)   Writing objects: 100% (15/15)   Writing objects: 100% (15/15), 1.79 KiB | 37.00 KiB/s, done.
Total 15 (delta 10), reused 0 (delta 0)
remote: Resolving deltas:   0% (0/10)[Kremote: Resolving deltas:  10% (1/10)[Kremote: Resolving deltas:  20% (2/10)[Kremote: Resolving deltas:  30% (3/10)[Kremote: Resolving deltas:  40% (4/10)[Kremote: Resolving deltas:  50% (5/10)[Kremote: Resolving deltas:  60% (6/10)[Kremote: Resolving deltas:  70% (7/10)[Kremote: Resolving deltas:  80% (8/10)[Kremote: Resolving deltas:  90% (9/10)[Kremote: Resolving deltas: 100% (10/10)[Kremote: Resolving deltas: 100% (10/10), completed with 10 local objects.[K
To https://github.com/mikaoldham/project3site.git
   43c20d0..77e807d  master -> master
]0;~/Website_mio289(base) Cs-MacBook-Air:Website_mio289 c.oldham$ [K(base) Cs-MacBook-Air:Website_mio289 c.oldham$ git add .
]0;~/Website_mio289(base) Cs-MacBook-Air:Website_mio289 c.oldham$ 
]0;~/Website_mio289(base) Cs-MacBook-Air:Website_mio289 c.oldham$ git commit -m "any message, but you must have a message"
[master 4c9006e] any message, but you must have a message
 Committer: C. Oldham <c.oldham@Cs-MacBook-Air.local>
Your name and email address were configured automatically based
on your username and hostname. Please check that they are accurate.
You can suppress this message by setting them explicitly. Run the
following command and follow the instructions in your editor to edit
your configuration file:

    git config --global --edit

After doing this, you may fix the identity used for this commit with:

    git commit --amend --reset-author

 7 files changed, 41 insertions(+), 10 deletions(-)
]0;~/Website_mio289(base) Cs-MacBook-Air:Website_mio289 c.oldham$ 
]0;~/Website_mio289(base) Cs-MacBook-Air:Website_mio289 c.oldham$ git push origin master
Enumerating objects: 29, done.
Counting objects:   3% (1/29)   Counting objects:   6% (2/29)   Counting objects:  10% (3/29)   Counting objects:  13% (4/29)   Counting objects:  17% (5/29)   Counting objects:  20% (6/29)   Counting objects:  24% (7/29)   Counting objects:  27% (8/29)   Counting objects:  31% (9/29)   Counting objects:  34% (10/29)   Counting objects:  37% (11/29)   Counting objects:  41% (12/29)   Counting objects:  44% (13/29)   Counting objects:  48% (14/29)   Counting objects:  51% (15/29)   Counting objects:  55% (16/29)   Counting objects:  58% (17/29)   Counting objects:  62% (18/29)   Counting objects:  65% (19/29)   Counting objects:  68% (20/29)   Counting objects:  72% (21/29)   Counting objects:  75% (22/29)   Counting objects:  79% (23/29)   Counting objects:  82% (24/29)   Counting objects:  86% (25/29)   Counting objects:  89% (26/29)   Counting objects:  93% (27/29)   Counting objects:  96% (28/29)   Counting objects: 100% (29/29)   Counting objects: 100% (29/29), done.
Delta compression using up to 4 threads
Compressing objects:   6% (1/15)   Compressing objects:  13% (2/15)   Compressing objects:  20% (3/15)   Compressing objects:  26% (4/15)   Compressing objects:  33% (5/15)   Compressing objects:  40% (6/15)   Compressing objects:  46% (7/15)   Compressing objects:  53% (8/15)   Compressing objects:  60% (9/15)   Compressing objects:  66% (10/15)   Compressing objects:  73% (11/15)   Compressing objects:  80% (12/15)   Compressing objects:  86% (13/15)   Compressing objects:  93% (14/15)   Compressing objects: 100% (15/15)   Compressing objects: 100% (15/15), done.
Writing objects:   6% (1/15)   Writing objects:  13% (2/15)   Writing objects:  20% (3/15)   Writing objects:  26% (4/15)   Writing objects:  33% (5/15)   Writing objects:  40% (6/15)   Writing objects:  46% (7/15)   Writing objects:  53% (8/15)   Writing objects:  60% (9/15)   Writing objects:  66% (10/15)   Writing objects:  73% (11/15)   Writing objects:  80% (12/15)   Writing objects:  86% (13/15)   Writing objects:  93% (14/15)   Writing objects: 100% (15/15)   Writing objects: 100% (15/15), 1.69 KiB | 37.00 KiB/s, done.
Total 15 (delta 10), reused 0 (delta 0)
remote: Resolving deltas:   0% (0/10)[Kremote: Resolving deltas:  10% (1/10)[Kremote: Resolving deltas:  20% (2/10)[Kremote: Resolving deltas:  30% (3/10)[Kremote: Resolving deltas:  40% (4/10)[Kremote: Resolving deltas:  50% (5/10)[Kremote: Resolving deltas:  60% (6/10)[Kremote: Resolving deltas:  70% (7/10)[Kremote: Resolving deltas:  80% (8/10)[Kremote: Resolving deltas:  90% (9/10)[Kremote: Resolving deltas: 100% (10/10)[Kremote: Resolving deltas: 100% (10/10), completed with 10 local objects.[K
To https://github.com/mikaoldham/project3site.git
   77e807d..4c9006e  master -> master
]0;~/Website_mio289(base) Cs-MacBook-Air:Website_mio289 c.oldham$ git add .
]0;~/Website_mio289(base) Cs-MacBook-Air:Website_mio289 c.oldham$ 
]0;~/Website_mio289(base) Cs-MacBook-Air:Website_mio289 c.oldham$ git commit -m "any message, but you must have a message"
[master a0096e8] any message, but you must have a message
 Committer: C. Oldham <c.oldham@Cs-MacBook-Air.local>
Your name and email address were configured automatically based
on your username and hostname. Please check that they are accurate.
You can suppress this message by setting them explicitly. Run the
following command and follow the instructions in your editor to edit
your configuration file:

    git config --global --edit

After doing this, you may fix the identity used for this commit with:

    git commit --amend --reset-author

 5 files changed, 36 insertions(+), 5 deletions(-)
]0;~/Website_mio289(base) Cs-MacBook-Air:Website_mio289 c.oldham$ 
]0;~/Website_mio289(base) Cs-MacBook-Air:Website_mio289 c.oldham$ 
]0;~/Website_mio289(base) Cs-MacBook-Air:Website_mio289 c.oldham$ git push origin master
Enumerating objects: 23, done.
Counting objects:   4% (1/23)   Counting objects:   8% (2/23)   Counting objects:  13% (3/23)   Counting objects:  17% (4/23)   Counting objects:  21% (5/23)   Counting objects:  26% (6/23)   Counting objects:  30% (7/23)   Counting objects:  34% (8/23)   Counting objects:  39% (9/23)   Counting objects:  43% (10/23)   Counting objects:  47% (11/23)   Counting objects:  52% (12/23)   Counting objects:  56% (13/23)   Counting objects:  60% (14/23)   Counting objects:  65% (15/23)   Counting objects:  69% (16/23)   Counting objects:  73% (17/23)   Counting objects:  78% (18/23)   Counting objects:  82% (19/23)   Counting objects:  86% (20/23)   Counting objects:  91% (21/23)   Counting objects:  95% (22/23)   Counting objects: 100% (23/23)   Counting objects: 100% (23/23), done.
Delta compression using up to 4 threads
Compressing objects:   8% (1/12)   Compressing objects:  16% (2/12)   Compressing objects:  25% (3/12)   Compressing objects:  33% (4/12)   Compressing objects:  41% (5/12)   Compressing objects:  50% (6/12)   Compressing objects:  58% (7/12)   Compressing objects:  66% (8/12)   Compressing objects:  75% (9/12)   Compressing objects:  83% (10/12)   Compressing objects:  91% (11/12)   Compressing objects: 100% (12/12)   Compressing objects: 100% (12/12), done.
Writing objects:   8% (1/12)   Writing objects:  16% (2/12)   Writing objects:  25% (3/12)   Writing objects:  33% (4/12)   Writing objects:  41% (5/12)   Writing objects:  50% (6/12)   Writing objects:  58% (7/12)   Writing objects:  66% (8/12)   Writing objects:  75% (9/12)   Writing objects:  83% (10/12)   Writing objects:  91% (11/12)   Writing objects: 100% (12/12)   Writing objects: 100% (12/12), 1.09 KiB | 556.00 KiB/s, done.
Total 12 (delta 7), reused 0 (delta 0)
remote: Resolving deltas:   0% (0/7)[Kremote: Resolving deltas:  14% (1/7)[Kremote: Resolving deltas:  28% (2/7)[Kremote: Resolving deltas:  42% (3/7)[Kremote: Resolving deltas:  57% (4/7)[Kremote: Resolving deltas:  71% (5/7)[Kremote: Resolving deltas:  85% (6/7)[Kremote: Resolving deltas: 100% (7/7)[Kremote: Resolving deltas: 100% (7/7), completed with 7 local objects.[K
To https://github.com/mikaoldham/project3site.git
   4c9006e..a0096e8  master -> master
]0;~/Website_mio289(base) Cs-MacBook-Air:Website_mio289 c.oldham$ [K(base) Cs-MacBook-Air:Website_mio289 c.oldham$ git add .
]0;~/Website_mio289(base) Cs-MacBook-Air:Website_mio289 c.oldham$ 
]0;~/Website_mio289(base) Cs-MacBook-Air:Website_mio289 c.oldham$ git commit -m "any message, but you must have a message"
[master 055ec74] any message, but you must have a message
 Committer: C. Oldham <c.oldham@Cs-MacBook-Air.local>
Your name and email address were configured automatically based
on your username and hostname. Please check that they are accurate.
You can suppress this message by setting them explicitly. Run the
following command and follow the instructions in your editor to edit
your configuration file:

    git config --global --edit

After doing this, you may fix the identity used for this commit with:

    git commit --amend --reset-author

 21 files changed, 56 insertions(+), 28 deletions(-)
]0;~/Website_mio289(base) Cs-MacBook-Air:Website_mio289 c.oldham$ 
]0;~/Website_mio289(base) Cs-MacBook-Air:Website_mio289 c.oldham$ git push origin master
Enumerating objects: 77, done.
Counting objects:   1% (1/77)   Counting objects:   2% (2/77)   Counting objects:   3% (3/77)   Counting objects:   5% (4/77)   Counting objects:   6% (5/77)   Counting objects:   7% (6/77)   Counting objects:   9% (7/77)   Counting objects:  10% (8/77)   Counting objects:  11% (9/77)   Counting objects:  12% (10/77)   Counting objects:  14% (11/77)   Counting objects:  15% (12/77)   Counting objects:  16% (13/77)   Counting objects:  18% (14/77)   Counting objects:  19% (15/77)   Counting objects:  20% (16/77)   Counting objects:  22% (17/77)   Counting objects:  23% (18/77)   Counting objects:  24% (19/77)   Counting objects:  25% (20/77)   Counting objects:  27% (21/77)   Counting objects:  28% (22/77)   Counting objects:  29% (23/77)   Counting objects:  31% (24/77)   Counting objects:  32% (25/77)   Counting objects:  33% (26/77)   Counting objects:  35% (27/77)   Counting objects:  36% (28/77)   Counting objects:  37% (29/77)   Counting objects:  38% (30/77)   Counting objects:  40% (31/77)   Counting objects:  41% (32/77)   Counting objects:  42% (33/77)   Counting objects:  44% (34/77)   Counting objects:  45% (35/77)   Counting objects:  46% (36/77)   Counting objects:  48% (37/77)   Counting objects:  49% (38/77)   Counting objects:  50% (39/77)   Counting objects:  51% (40/77)   Counting objects:  53% (41/77)   Counting objects:  54% (42/77)   Counting objects:  55% (43/77)   Counting objects:  57% (44/77)   Counting objects:  58% (45/77)   Counting objects:  59% (46/77)   Counting objects:  61% (47/77)   Counting objects:  62% (48/77)   Counting objects:  63% (49/77)   Counting objects:  64% (50/77)   Counting objects:  66% (51/77)   Counting objects:  67% (52/77)   Counting objects:  68% (53/77)   Counting objects:  70% (54/77)   Counting objects:  71% (55/77)   Counting objects:  72% (56/77)   Counting objects:  74% (57/77)   Counting objects:  75% (58/77)   Counting objects:  76% (59/77)   Counting objects:  77% (60/77)   Counting objects:  79% (61/77)   Counting objects:  80% (62/77)   Counting objects:  81% (63/77)   Counting objects:  83% (64/77)   Counting objects:  84% (65/77)   Counting objects:  85% (66/77)   Counting objects:  87% (67/77)   Counting objects:  88% (68/77)   Counting objects:  89% (69/77)   Counting objects:  90% (70/77)   Counting objects:  92% (71/77)   Counting objects:  93% (72/77)   Counting objects:  94% (73/77)   Counting objects:  96% (74/77)   Counting objects:  97% (75/77)   Counting objects:  98% (76/77)   Counting objects: 100% (77/77)   Counting objects: 100% (77/77), done.
Delta compression using up to 4 threads
Compressing objects:   2% (1/37)   Compressing objects:   5% (2/37)   Compressing objects:   8% (3/37)   Compressing objects:  10% (4/37)   Compressing objects:  13% (5/37)   Compressing objects:  16% (6/37)   Compressing objects:  18% (7/37)   Compressing objects:  21% (8/37)   Compressing objects:  24% (9/37)   Compressing objects:  27% (10/37)   Compressing objects:  29% (11/37)   Compressing objects:  32% (12/37)   Compressing objects:  35% (13/37)   Compressing objects:  37% (14/37)   Compressing objects:  40% (15/37)   Compressing objects:  43% (16/37)   Compressing objects:  45% (17/37)   Compressing objects:  48% (18/37)   Compressing objects:  51% (19/37)   Compressing objects:  54% (20/37)   Compressing objects:  56% (21/37)   Compressing objects:  59% (22/37)   Compressing objects:  62% (23/37)   Compressing objects:  64% (24/37)   Compressing objects:  67% (25/37)   Compressing objects:  70% (26/37)   Compressing objects:  72% (27/37)   Compressing objects:  75% (28/37)   Compressing objects:  78% (29/37)   Compressing objects:  81% (30/37)   Compressing objects:  83% (31/37)   Compressing objects:  86% (32/37)   Compressing objects:  89% (33/37)   Compressing objects:  91% (34/37)   Compressing objects:  94% (35/37)   Compressing objects:  97% (36/37)   Compressing objects: 100% (37/37)   Compressing objects: 100% (37/37), done.
Writing objects:   2% (1/41)   Writing objects:   4% (2/41)   Writing objects:   7% (3/41)   Writing objects:   9% (4/41)   Writing objects:  12% (5/41)   Writing objects:  14% (6/41)   Writing objects:  17% (7/41)   Writing objects:  19% (8/41)   Writing objects:  21% (9/41)   Writing objects:  24% (10/41)   Writing objects:  26% (11/41)   Writing objects:  29% (12/41)   Writing objects:  31% (13/41)   Writing objects:  34% (14/41)   Writing objects:  36% (15/41)   Writing objects:  39% (16/41)   Writing objects:  41% (17/41)   Writing objects:  43% (18/41)   Writing objects:  48% (20/41)   Writing objects:  51% (21/41)   Writing objects:  53% (22/41)   Writing objects:  56% (23/41)   Writing objects:  58% (24/41)   Writing objects:  60% (25/41)   Writing objects:  63% (26/41)   Writing objects:  65% (27/41)   Writing objects:  68% (28/41)   Writing objects:  70% (29/41)   Writing objects:  73% (30/41)   Writing objects:  75% (31/41)   Writing objects:  78% (32/41)   Writing objects:  80% (33/41)   Writing objects:  82% (34/41)   Writing objects:  85% (35/41)   Writing objects:  87% (36/41)   Writing objects:  90% (37/41)   Writing objects:  92% (38/41)   Writing objects:  95% (39/41)   Writing objects:  97% (40/41)   Writing objects: 100% (41/41)   Writing objects: 100% (41/41), 16.64 KiB | 298.00 KiB/s, done.
Total 41 (delta 25), reused 0 (delta 0)
remote: Resolving deltas:   0% (0/25)[Kremote: Resolving deltas:   4% (1/25)[Kremote: Resolving deltas:   8% (2/25)[Kremote: Resolving deltas:  12% (3/25)[Kremote: Resolving deltas:  16% (4/25)[Kremote: Resolving deltas:  20% (5/25)[Kremote: Resolving deltas:  24% (6/25)[Kremote: Resolving deltas:  28% (7/25)[Kremote: Resolving deltas:  32% (8/25)[Kremote: Resolving deltas:  36% (9/25)[Kremote: Resolving deltas:  40% (10/25)[Kremote: Resolving deltas:  44% (11/25)[Kremote: Resolving deltas:  48% (12/25)[Kremote: Resolving deltas:  76% (19/25)[Kremote: Resolving deltas:  80% (20/25)[Kremote: Resolving deltas:  88% (22/25)[Kremote: Resolving deltas:  92% (23/25)[Kremote: Resolving deltas:  96% (24/25)[Kremote: Resolving deltas: 100% (25/25)[Kremote: Resolving deltas: 100% (25/25), completed with 18 local objects.[K
To https://github.com/mikaoldham/project3site.git
   a0096e8..055ec74  master -> master
]0;~/Website_mio289(base) Cs-MacBook-Air:Website_mio289 c.oldham$ [K(base) Cs-MacBook-Air:Website_mio289 c.oldham$ git add .
]0;~/Website_mio289(base) Cs-MacBook-Air:Website_mio289 c.oldham$ 
]0;~/Website_mio289(base) Cs-MacBook-Air:Website_mio289 c.oldham$ git commit -m "any message, but you must have a message"
[master 4ed3689] any message, but you must have a message
 Committer: C. Oldham <c.oldham@Cs-MacBook-Air.local>
Your name and email address were configured automatically based
on your username and hostname. Please check that they are accurate.
You can suppress this message by setting them explicitly. Run the
following command and follow the instructions in your editor to edit
your configuration file:

    git config --global --edit

After doing this, you may fix the identity used for this commit with:

    git commit --amend --reset-author

 21 files changed, 54 insertions(+), 25 deletions(-)
]0;~/Website_mio289(base) Cs-MacBook-Air:Website_mio289 c.oldham$ 
]0;~/Website_mio289(base) Cs-MacBook-Air:Website_mio289 c.oldham$ git push origin master
Enumerating objects: 77, done.
Counting objects:   1% (1/77)   Counting objects:   2% (2/77)   Counting objects:   3% (3/77)   Counting objects:   5% (4/77)   Counting objects:   6% (5/77)   Counting objects:   7% (6/77)   Counting objects:   9% (7/77)   Counting objects:  10% (8/77)   Counting objects:  11% (9/77)   Counting objects:  12% (10/77)   Counting objects:  14% (11/77)   Counting objects:  15% (12/77)   Counting objects:  16% (13/77)   Counting objects:  18% (14/77)   Counting objects:  19% (15/77)   Counting objects:  20% (16/77)   Counting objects:  22% (17/77)   Counting objects:  23% (18/77)   Counting objects:  24% (19/77)   Counting objects:  25% (20/77)   Counting objects:  27% (21/77)   Counting objects:  28% (22/77)   Counting objects:  29% (23/77)   Counting objects:  31% (24/77)   Counting objects:  32% (25/77)   Counting objects:  33% (26/77)   Counting objects:  35% (27/77)   Counting objects:  36% (28/77)   Counting objects:  37% (29/77)   Counting objects:  38% (30/77)   Counting objects:  40% (31/77)   Counting objects:  41% (32/77)   Counting objects:  42% (33/77)   Counting objects:  44% (34/77)   Counting objects:  45% (35/77)   Counting objects:  46% (36/77)   Counting objects:  48% (37/77)   Counting objects:  49% (38/77)   Counting objects:  50% (39/77)   Counting objects:  51% (40/77)   Counting objects:  53% (41/77)   Counting objects:  54% (42/77)   Counting objects:  55% (43/77)   Counting objects:  57% (44/77)   Counting objects:  58% (45/77)   Counting objects:  59% (46/77)   Counting objects:  61% (47/77)   Counting objects:  62% (48/77)   Counting objects:  63% (49/77)   Counting objects:  64% (50/77)   Counting objects:  66% (51/77)   Counting objects:  67% (52/77)   Counting objects:  68% (53/77)   Counting objects:  70% (54/77)   Counting objects:  71% (55/77)   Counting objects:  72% (56/77)   Counting objects:  74% (57/77)   Counting objects:  75% (58/77)   Counting objects:  76% (59/77)   Counting objects:  77% (60/77)   Counting objects:  79% (61/77)   Counting objects:  80% (62/77)   Counting objects:  81% (63/77)   Counting objects:  83% (64/77)   Counting objects:  84% (65/77)   Counting objects:  85% (66/77)   Counting objects:  87% (67/77)   Counting objects:  88% (68/77)   Counting objects:  89% (69/77)   Counting objects:  90% (70/77)   Counting objects:  92% (71/77)   Counting objects:  93% (72/77)   Counting objects:  94% (73/77)   Counting objects:  96% (74/77)   Counting objects:  97% (75/77)   Counting objects:  98% (76/77)   Counting objects: 100% (77/77)   Counting objects: 100% (77/77), done.
Delta compression using up to 4 threads
Compressing objects:   2% (1/37)   Compressing objects:   5% (2/37)   Compressing objects:   8% (3/37)   Compressing objects:  10% (4/37)   Compressing objects:  13% (5/37)   Compressing objects:  16% (6/37)   Compressing objects:  18% (7/37)   Compressing objects:  21% (8/37)   Compressing objects:  24% (9/37)   Compressing objects:  27% (10/37)   Compressing objects:  29% (11/37)   Compressing objects:  32% (12/37)   Compressing objects:  35% (13/37)   Compressing objects:  37% (14/37)   Compressing objects:  40% (15/37)   Compressing objects:  43% (16/37)   Compressing objects:  45% (17/37)   Compressing objects:  48% (18/37)   Compressing objects:  51% (19/37)   Compressing objects:  54% (20/37)   Compressing objects:  56% (21/37)   Compressing objects:  59% (22/37)   Compressing objects:  62% (23/37)   Compressing objects:  64% (24/37)   Compressing objects:  67% (25/37)   Compressing objects:  70% (26/37)   Compressing objects:  72% (27/37)   Compressing objects:  75% (28/37)   Compressing objects:  78% (29/37)   Compressing objects:  81% (30/37)   Compressing objects:  83% (31/37)   Compressing objects:  86% (32/37)   Compressing objects:  89% (33/37)   Compressing objects:  91% (34/37)   Compressing objects:  94% (35/37)   Compressing objects:  97% (36/37)   Compressing objects: 100% (37/37)   Compressing objects: 100% (37/37), done.
Writing objects:   2% (1/41)   Writing objects:   4% (2/41)   Writing objects:   7% (3/41)   Writing objects:   9% (4/41)   Writing objects:  12% (5/41)   Writing objects:  14% (6/41)   Writing objects:  17% (7/41)   Writing objects:  19% (8/41)   Writing objects:  21% (9/41)   Writing objects:  24% (10/41)   Writing objects:  26% (11/41)   Writing objects:  29% (12/41)   Writing objects:  31% (13/41)   Writing objects:  34% (14/41)   Writing objects:  36% (15/41)   Writing objects:  39% (16/41)   Writing objects:  41% (17/41)   Writing objects:  43% (18/41)   Writing objects:  46% (19/41)   Writing objects:  48% (20/41)   Writing objects:  51% (21/41)   Writing objects:  53% (22/41)   Writing objects:  56% (23/41)   Writing objects:  58% (24/41)   Writing objects:  60% (25/41)   Writing objects:  63% (26/41)   Writing objects:  65% (27/41)   Writing objects:  68% (28/41)   Writing objects:  70% (29/41)   Writing objects:  73% (30/41)   Writing objects:  75% (31/41)   Writing objects:  80% (33/41)   Writing objects:  82% (34/41)   Writing objects:  85% (35/41)   Writing objects:  87% (36/41)   Writing objects:  90% (37/41)   Writing objects:  92% (38/41)   Writing objects:  95% (39/41)   Writing objects:  97% (40/41)   Writing objects: 100% (41/41)   Writing objects: 100% (41/41), 16.66 KiB | 334.00 KiB/s, done.
Total 41 (delta 25), reused 0 (delta 0)
remote: Resolving deltas:   0% (0/25)[Kremote: Resolving deltas:   4% (1/25)[Kremote: Resolving deltas:   8% (2/25)[Kremote: Resolving deltas:  12% (3/25)[Kremote: Resolving deltas:  16% (4/25)[Kremote: Resolving deltas:  20% (5/25)[Kremote: Resolving deltas:  24% (6/25)[Kremote: Resolving deltas:  28% (7/25)[Kremote: Resolving deltas:  32% (8/25)[Kremote: Resolving deltas:  36% (9/25)[Kremote: Resolving deltas:  40% (10/25)[Kremote: Resolving deltas:  44% (11/25)[Kremote: Resolving deltas:  48% (12/25)[Kremote: Resolving deltas:  52% (13/25)[Kremote: Resolving deltas:  56% (14/25)[Kremote: Resolving deltas:  64% (16/25)[Kremote: Resolving deltas:  68% (17/25)[Kremote: Resolving deltas:  72% (18/25)[Kremote: Resolving deltas:  76% (19/25)[Kremote: Resolving deltas:  80% (20/25)[Kremote: Resolving deltas:  92% (23/25)[Kremote: Resolving deltas:  96% (24/25)[Kremote: Resolving deltas: 100% (25/25)[Kremote: Resolving deltas: 100% (25/25), completed with 22 local objects.[K
To https://github.com/mikaoldham/project3site.git
   055ec74..4ed3689  master -> master
]0;~/Website_mio289(base) Cs-MacBook-Air:Website_mio289 c.oldham$ git add .
]0;~/Website_mio289(base) Cs-MacBook-Air:Website_mio289 c.oldham$ 
]0;~/Website_mio289(base) Cs-MacBook-Air:Website_mio289 c.oldham$ git commit -m "any message, but you must have a message"
[master 63ea482] any message, but you must have a message
 Committer: C. Oldham <c.oldham@Cs-MacBook-Air.local>
Your name and email address were configured automatically based
on your username and hostname. Please check that they are accurate.
You can suppress this message by setting them explicitly. Run the
following command and follow the instructions in your editor to edit
your configuration file:

    git config --global --edit

After doing this, you may fix the identity used for this commit with:

    git commit --amend --reset-author

 5 files changed, 37 insertions(+), 8 deletions(-)
]0;~/Website_mio289(base) Cs-MacBook-Air:Website_mio289 c.oldham$ 
]0;~/Website_mio289(base) Cs-MacBook-Air:Website_mio289 c.oldham$ git push origin master
Enumerating objects: 23, done.
Counting objects:   4% (1/23)   Counting objects:   8% (2/23)   Counting objects:  13% (3/23)   Counting objects:  17% (4/23)   Counting objects:  21% (5/23)   Counting objects:  26% (6/23)   Counting objects:  30% (7/23)   Counting objects:  34% (8/23)   Counting objects:  39% (9/23)   Counting objects:  43% (10/23)   Counting objects:  47% (11/23)   Counting objects:  52% (12/23)   Counting objects:  56% (13/23)   Counting objects:  60% (14/23)   Counting objects:  65% (15/23)   Counting objects:  69% (16/23)   Counting objects:  73% (17/23)   Counting objects:  78% (18/23)   Counting objects:  82% (19/23)   Counting objects:  86% (20/23)   Counting objects:  91% (21/23)   Counting objects:  95% (22/23)   Counting objects: 100% (23/23)   Counting objects: 100% (23/23), done.
Delta compression using up to 4 threads
Compressing objects:   8% (1/12)   Compressing objects:  16% (2/12)   Compressing objects:  25% (3/12)   Compressing objects:  33% (4/12)   Compressing objects:  41% (5/12)   Compressing objects:  50% (6/12)   Compressing objects:  58% (7/12)   Compressing objects:  66% (8/12)   Compressing objects:  75% (9/12)   Compressing objects:  83% (10/12)   Compressing objects:  91% (11/12)   Compressing objects: 100% (12/12)   Compressing objects: 100% (12/12), done.
Writing objects:   8% (1/12)   Writing objects:  16% (2/12)   Writing objects:  25% (3/12)   Writing objects:  33% (4/12)   Writing objects:  41% (5/12)   Writing objects:  50% (6/12)   Writing objects:  58% (7/12)   Writing objects:  66% (8/12)   Writing objects:  75% (9/12)   Writing objects:  83% (10/12)   Writing objects:  91% (11/12)   Writing objects: 100% (12/12)   Writing objects: 100% (12/12), 1.19 KiB | 404.00 KiB/s, done.
Total 12 (delta 7), reused 0 (delta 0)
remote: Resolving deltas:   0% (0/7)[Kremote: Resolving deltas:  14% (1/7)[Kremote: Resolving deltas:  28% (2/7)[Kremote: Resolving deltas:  42% (3/7)[Kremote: Resolving deltas:  57% (4/7)[Kremote: Resolving deltas:  71% (5/7)[Kremote: Resolving deltas:  85% (6/7)[Kremote: Resolving deltas: 100% (7/7)[Kremote: Resolving deltas: 100% (7/7), completed with 7 local objects.[K
To https://github.com/mikaoldham/project3site.git
   4ed3689..63ea482  master -> master
]0;~/Website_mio289(base) Cs-MacBook-Air:Website_mio289 c.oldham$ git add .
